[2026-07-03T07:37:12.591Z] [INFO] ========================================
[2026-07-03T07:37:12.592Z] [INFO] 🔄 INITIALIZING DAILY TASK REPEATER JOB
[2026-07-03T07:37:12.593Z] [INFO] ========================================
[2026-07-03T07:37:12.749Z] [SCHEDULE] ⏰ Job will run daily at 12:00 AM IST (Sunday, 5 July 2026 at 12:00:00 am)
[2026-07-03T07:37:12.758Z] [SUCCESS] ✅ Daily Task Repeater Job initialized successfully!
[2026-07-03T07:37:15.824Z] [INFO] 📊 CURRENT DAILY TASKS STATUS:
[2026-07-03T07:37:15.825Z] [INFO]    Total Daily Tasks: 2
[2026-07-03T07:37:15.826Z] [INFO]    📋 Task List:
[2026-07-03T07:37:15.828Z] [INFO]    1. "new task" - Status: Completed - Priority: Medium
[2026-07-03T07:37:15.829Z] [INFO]    2. "fhj" - Status: Completed - Priority: Medium
[2026-07-03T07:37:15.831Z] [SCHEDULE]    📅 Next execution: Sunday, 5 July 2026 at 12:00:00 am
[2026-07-03T07:37:15.832Z] [SCHEDULE]    ⏳ Time remaining: 34h 52m 44s
[2026-07-03T07:37:17.767Z] [INFO] 🔄 Running initial task check on startup...
[2026-07-03T07:37:17.833Z] [INFO] 📊 CURRENT DAILY TASKS STATUS:
[2026-07-03T07:37:17.834Z] [INFO]    Total Daily Tasks: 2
[2026-07-03T07:37:17.834Z] [INFO]    📋 Task List:
[2026-07-03T07:37:17.835Z] [INFO]    1. "new task" - Status: Completed - Priority: Medium
[2026-07-03T07:37:17.835Z] [INFO]    2. "fhj" - Status: Completed - Priority: Medium
[2026-07-03T07:37:17.836Z] [SCHEDULE]    📅 Next execution: Sunday, 5 July 2026 at 12:00:00 am
[2026-07-03T07:37:17.836Z] [SCHEDULE]    ⏳ Time remaining: 34h 52m 42s
[2026-07-03T07:41:45.027Z] [INFO] ========================================
[2026-07-03T07:41:45.029Z] [INFO] 🔄 INITIALIZING DAILY TASK REPEATER JOB
[2026-07-03T07:41:45.030Z] [INFO] ========================================
[2026-07-03T07:41:45.062Z] [SCHEDULE] ⏰ Job will run daily at 12:00 AM IST (Sunday, 5 July 2026 at 12:00:00 am)
[2026-07-03T07:41:45.069Z] [SUCCESS] ✅ Daily Task Repeater Job initialized successfully!
[2026-07-03T07:41:48.138Z] [INFO] 📊 CURRENT DAILY TASKS STATUS:
[2026-07-03T07:41:48.139Z] [INFO]    Total Daily Tasks: 2
[2026-07-03T07:41:48.140Z] [INFO]    📋 Task List:
[2026-07-03T07:41:48.142Z] [INFO]    1. "new task" - Status: Completed - Priority: Medium
[2026-07-03T07:41:48.143Z] [INFO]    2. "fhj" - Status: Completed - Priority: Medium
[2026-07-03T07:41:48.145Z] [SCHEDULE]    📅 Next execution: Sunday, 5 July 2026 at 12:00:00 am
[2026-07-03T07:41:48.146Z] [SCHEDULE]    ⏳ Time remaining: 34h 48m 11s
[2026-07-03T07:41:50.075Z] [INFO] 🔄 Running initial task check on startup...
[2026-07-03T07:41:50.160Z] [INFO] 📊 CURRENT DAILY TASKS STATUS:
[2026-07-03T07:41:50.160Z] [INFO]    Total Daily Tasks: 2
[2026-07-03T07:41:50.161Z] [INFO]    📋 Task List:
[2026-07-03T07:41:50.161Z] [INFO]    1. "new task" - Status: Completed - Priority: Medium
[2026-07-03T07:41:50.162Z] [INFO]    2. "fhj" - Status: Completed - Priority: Medium
[2026-07-03T07:41:50.162Z] [SCHEDULE]    📅 Next execution: Sunday, 5 July 2026 at 12:00:00 am
[2026-07-03T07:41:50.163Z] [SCHEDULE]    ⏳ Time remaining: 34h 48m 9s
[2026-07-03T07:42:42.663Z] [INFO] ========================================
[2026-07-03T07:42:42.664Z] [INFO] 🔄 INITIALIZING DAILY TASK REPEATER JOB
[2026-07-03T07:42:42.664Z] [INFO] ========================================
[2026-07-03T07:42:42.686Z] [SCHEDULE] ⏰ Job will run daily at 12:00 AM IST (Sunday, 5 July 2026 at 12:00:00 am)
[2026-07-03T07:42:42.693Z] [SUCCESS] ✅ Daily Task Repeater Job initialized successfully!
[2026-07-03T07:42:46.290Z] [INFO] 📊 CURRENT DAILY TASKS STATUS:
[2026-07-03T07:42:46.291Z] [INFO]    Total Daily Tasks: 2
[2026-07-03T07:42:46.292Z] [INFO]    📋 Task List:
[2026-07-03T07:42:46.294Z] [INFO]    1. "new task" - Status: Completed - Priority: Medium
[2026-07-03T07:42:46.295Z] [INFO]    2. "fhj" - Status: Completed - Priority: Medium
[2026-07-03T07:42:46.297Z] [SCHEDULE]    📅 Next execution: Sunday, 5 July 2026 at 12:00:00 am
[2026-07-03T07:42:46.299Z] [SCHEDULE]    ⏳ Time remaining: 34h 47m 13s
[2026-07-03T07:42:47.693Z] [INFO] 🔄 Running initial task check on startup...
[2026-07-03T07:42:47.786Z] [INFO] 📊 CURRENT DAILY TASKS STATUS:
[2026-07-03T07:42:47.786Z] [INFO]    Total Daily Tasks: 2
[2026-07-03T07:42:47.787Z] [INFO]    📋 Task List:
[2026-07-03T07:42:47.787Z] [INFO]    1. "new task" - Status: Completed - Priority: Medium
[2026-07-03T07:42:47.788Z] [INFO]    2. "fhj" - Status: Completed - Priority: Medium
[2026-07-03T07:42:47.789Z] [SCHEDULE]    📅 Next execution: Sunday, 5 July 2026 at 12:00:00 am
[2026-07-03T07:42:47.789Z] [SCHEDULE]    ⏳ Time remaining: 34h 47m 12s
[2026-07-03T13:42:29.617Z] [INFO] ========================================
[2026-07-03T13:42:29.622Z] [INFO] 🔄 INITIALIZING DAILY TASK REPEATER JOB
[2026-07-03T13:42:29.622Z] [INFO] ========================================
[2026-07-03T13:42:29.667Z] [SCHEDULE] ⏰ Job will run daily at 12:00 AM IST (Sunday, 5 July 2026 at 12:00:00 am)
[2026-07-03T13:42:29.675Z] [SUCCESS] ✅ Daily Task Repeater Job initialized successfully!
[2026-07-04T04:43:01.385Z] [INFO] ========================================
[2026-07-04T04:43:01.387Z] [INFO] 🔄 INITIALIZING DAILY TASK REPEATER JOB
[2026-07-04T04:43:01.388Z] [INFO] ========================================
[2026-07-04T04:43:01.538Z] [SCHEDULE] ⏰ Job will run daily at 12:00 AM IST (Monday, 6 July 2026 at 12:00:00 am)
[2026-07-04T04:43:01.546Z] [SUCCESS] ✅ Daily Task Repeater Job initialized successfully!
[2026-07-04T04:43:04.618Z] [INFO] 📊 CURRENT DAILY TASKS STATUS:
[2026-07-04T04:43:04.619Z] [INFO]    Total Daily Tasks: 4
[2026-07-04T04:43:04.619Z] [INFO]    📋 Task List:
[2026-07-04T04:43:04.620Z] [INFO]    1. "new task" - Status: Completed - Priority: Medium
[2026-07-04T04:43:04.620Z] [INFO]    2. "fhj" - Status: Completed - Priority: Medium
[2026-07-04T04:43:04.621Z] [INFO]    3. "new task" - Status: Pending - Priority: Medium
[2026-07-04T04:43:04.621Z] [INFO]    4. "fhj" - Status: Pending - Priority: Medium
[2026-07-04T04:43:04.622Z] [SCHEDULE]    📅 Next execution: Monday, 6 July 2026 at 12:00:00 am
[2026-07-04T04:43:04.623Z] [SCHEDULE]    ⏳ Time remaining: 37h 46m 55s
[2026-07-04T04:43:06.548Z] [INFO] 🔄 Running initial task check on startup...
[2026-07-04T04:43:06.613Z] [INFO] 📊 CURRENT DAILY TASKS STATUS:
[2026-07-04T04:43:06.614Z] [INFO]    Total Daily Tasks: 4
[2026-07-04T04:43:06.614Z] [INFO]    📋 Task List:
[2026-07-04T04:43:06.615Z] [INFO]    1. "new task" - Status: Completed - Priority: Medium
[2026-07-04T04:43:06.615Z] [INFO]    2. "fhj" - Status: Completed - Priority: Medium
[2026-07-04T04:43:06.616Z] [INFO]    3. "new task" - Status: Pending - Priority: Medium
[2026-07-04T04:43:06.617Z] [INFO]    4. "fhj" - Status: Pending - Priority: Medium
[2026-07-04T04:43:06.619Z] [SCHEDULE]    📅 Next execution: Monday, 6 July 2026 at 12:00:00 am
[2026-07-04T04:43:06.620Z] [SCHEDULE]    ⏳ Time remaining: 37h 46m 53s
[2026-07-04T10:49:55.068Z] [INFO] ========================================
[2026-07-04T10:49:55.071Z] [INFO] 🔄 INITIALIZING DAILY TASK REPEATER JOB
[2026-07-04T10:49:55.071Z] [INFO] ========================================
[2026-07-04T10:49:55.102Z] [SCHEDULE] ⏰ Job will run daily at 12:00 AM IST (Monday, 6 July 2026 at 12:00:00 am)
[2026-07-04T10:49:55.110Z] [SUCCESS] ✅ Daily Task Repeater Job initialized successfully!
[2026-07-04T10:49:58.190Z] [INFO] 📊 CURRENT DAILY TASKS STATUS:
[2026-07-04T10:49:58.191Z] [INFO]    Total Daily Tasks: 3
[2026-07-04T10:49:58.191Z] [INFO]    📋 Task List:
[2026-07-04T10:49:58.192Z] [INFO]    1. "test" - Status: Pending - Priority: Medium
[2026-07-04T10:49:58.193Z] [INFO]    2. "test" - Status: Pending - Priority: Medium
[2026-07-04T10:49:58.193Z] [INFO]    3. "my task" - Status: Pending - Priority: Medium
[2026-07-04T10:49:58.194Z] [SCHEDULE]    📅 Next execution: Monday, 6 July 2026 at 12:00:00 am
[2026-07-04T10:49:58.195Z] [SCHEDULE]    ⏳ Time remaining: 31h 40m 1s
[2026-07-04T10:50:00.117Z] [INFO] 🔄 Running initial task check on startup...
[2026-07-04T10:50:00.165Z] [INFO] 📊 CURRENT DAILY TASKS STATUS:
[2026-07-04T10:50:00.165Z] [INFO]    Total Daily Tasks: 3
[2026-07-04T10:50:00.166Z] [INFO]    📋 Task List:
[2026-07-04T10:50:00.166Z] [INFO]    1. "test" - Status: Pending - Priority: Medium
[2026-07-04T10:50:00.167Z] [INFO]    2. "test" - Status: Pending - Priority: Medium
[2026-07-04T10:50:00.167Z] [INFO]    3. "my task" - Status: Pending - Priority: Medium
[2026-07-04T10:50:00.168Z] [SCHEDULE]    📅 Next execution: Monday, 6 July 2026 at 12:00:00 am
[2026-07-04T10:50:00.169Z] [SCHEDULE]    ⏳ Time remaining: 31h 39m 59s
[2026-07-04T10:50:07.153Z] [INFO] ========================================
[2026-07-04T10:50:07.155Z] [INFO] 🔄 INITIALIZING DAILY TASK REPEATER JOB
[2026-07-04T10:50:07.156Z] [INFO] ========================================
[2026-07-04T10:50:07.186Z] [SCHEDULE] ⏰ Job will run daily at 12:00 AM IST (Monday, 6 July 2026 at 12:00:00 am)
[2026-07-04T10:50:07.195Z] [SUCCESS] ✅ Daily Task Repeater Job initialized successfully!
[2026-07-04T10:50:10.277Z] [INFO] 📊 CURRENT DAILY TASKS STATUS:
[2026-07-04T10:50:10.278Z] [INFO]    Total Daily Tasks: 3
[2026-07-04T10:50:10.280Z] [INFO]    📋 Task List:
[2026-07-04T10:50:10.282Z] [INFO]    1. "test" - Status: Pending - Priority: Medium
[2026-07-04T10:50:10.283Z] [INFO]    2. "test" - Status: Pending - Priority: Medium
[2026-07-04T10:50:10.284Z] [INFO]    3. "my task" - Status: Pending - Priority: Medium
[2026-07-04T10:50:10.285Z] [SCHEDULE]    📅 Next execution: Monday, 6 July 2026 at 12:00:00 am
[2026-07-04T10:50:10.286Z] [SCHEDULE]    ⏳ Time remaining: 31h 39m 49s
[2026-07-04T10:50:12.195Z] [INFO] 🔄 Running initial task check on startup...
[2026-07-04T10:50:12.277Z] [INFO] 📊 CURRENT DAILY TASKS STATUS:
[2026-07-04T10:50:12.279Z] [INFO]    Total Daily Tasks: 3
[2026-07-04T10:50:12.281Z] [INFO]    📋 Task List:
[2026-07-04T10:50:12.283Z] [INFO]    1. "test" - Status: Pending - Priority: Medium
[2026-07-04T10:50:12.287Z] [INFO]    2. "test" - Status: Pending - Priority: Medium
[2026-07-04T10:50:12.289Z] [INFO]    3. "my task" - Status: Pending - Priority: Medium
[2026-07-04T10:50:12.293Z] [SCHEDULE]    📅 Next execution: Monday, 6 July 2026 at 12:00:00 am
[2026-07-04T10:50:12.295Z] [SCHEDULE]    ⏳ Time remaining: 31h 39m 47s
[2026-07-04T11:49:27.188Z] [INFO] ========================================
[2026-07-04T11:49:27.189Z] [INFO] 🔄 INITIALIZING DAILY TASK REPEATER JOB
[2026-07-04T11:49:27.189Z] [INFO] ========================================
[2026-07-04T11:49:27.210Z] [SCHEDULE] ⏰ Job will run daily at 12:00 AM IST (Monday, 6 July 2026 at 12:00:00 am)
[2026-07-04T11:49:27.216Z] [SUCCESS] ✅ Daily Task Repeater Job initialized successfully!
[2026-07-04T11:49:30.287Z] [INFO] 📊 CURRENT DAILY TASKS STATUS:
[2026-07-04T11:49:30.287Z] [INFO]    Total Daily Tasks: 2
[2026-07-04T11:49:30.288Z] [INFO]    📋 Task List:
[2026-07-04T11:49:30.288Z] [INFO]    1. "my task" - Status: Completed - Priority: Medium
[2026-07-04T11:49:30.289Z] [INFO]    2. "testtt" - Status: Completed - Priority: Medium
[2026-07-04T11:49:30.289Z] [SCHEDULE]    📅 Next execution: Monday, 6 July 2026 at 12:00:00 am
[2026-07-04T11:49:30.290Z] [SCHEDULE]    ⏳ Time remaining: 30h 40m 29s
[2026-07-04T11:49:32.221Z] [INFO] 🔄 Running initial task check on startup...
[2026-07-04T11:49:32.299Z] [INFO] 📊 CURRENT DAILY TASKS STATUS:
[2026-07-04T11:49:32.300Z] [INFO]    Total Daily Tasks: 2
[2026-07-04T11:49:32.300Z] [INFO]    📋 Task List:
[2026-07-04T11:49:32.300Z] [INFO]    1. "my task" - Status: Completed - Priority: Medium
[2026-07-04T11:49:32.301Z] [INFO]    2. "testtt" - Status: Completed - Priority: Medium
[2026-07-04T11:49:32.302Z] [SCHEDULE]    📅 Next execution: Monday, 6 July 2026 at 12:00:00 am
[2026-07-04T11:49:32.302Z] [SCHEDULE]    ⏳ Time remaining: 30h 40m 27s
[2026-07-04T11:55:47.826Z] [INFO] ========================================
[2026-07-04T11:55:47.827Z] [INFO] 🔄 INITIALIZING DAILY TASK REPEATER JOB
[2026-07-04T11:55:47.828Z] [INFO] ========================================
[2026-07-04T11:55:47.850Z] [SCHEDULE] ⏰ Job will run daily at 12:00 AM IST (Monday, 6 July 2026 at 12:00:00 am)
[2026-07-04T11:55:47.857Z] [SUCCESS] ✅ Daily Task Repeater Job initialized successfully!
[2026-07-04T11:55:50.940Z] [INFO] 📊 CURRENT DAILY TASKS STATUS:
[2026-07-04T11:55:50.941Z] [INFO]    Total Daily Tasks: 1
[2026-07-04T11:55:50.942Z] [INFO]    📋 Task List:
[2026-07-04T11:55:50.944Z] [INFO]    1. "test" - Status: Pending - Priority: Medium
[2026-07-04T11:55:50.945Z] [SCHEDULE]    📅 Next execution: Monday, 6 July 2026 at 12:00:00 am
[2026-07-04T11:55:50.946Z] [SCHEDULE]    ⏳ Time remaining: 30h 34m 9s
[2026-07-04T11:55:52.866Z] [INFO] 🔄 Running initial task check on startup...
[2026-07-04T11:55:52.922Z] [INFO] 📊 CURRENT DAILY TASKS STATUS:
[2026-07-04T11:55:52.922Z] [INFO]    Total Daily Tasks: 1
[2026-07-04T11:55:52.923Z] [INFO]    📋 Task List:
[2026-07-04T11:55:52.923Z] [INFO]    1. "test" - Status: Pending - Priority: Medium
[2026-07-04T11:55:52.924Z] [SCHEDULE]    📅 Next execution: Monday, 6 July 2026 at 12:00:00 am
[2026-07-04T11:55:52.924Z] [SCHEDULE]    ⏳ Time remaining: 30h 34m 7s
[2026-07-04T11:56:11.399Z] [INFO] ========================================
[2026-07-04T11:56:11.401Z] [INFO] 🔄 INITIALIZING DAILY TASK REPEATER JOB
[2026-07-04T11:56:11.401Z] [INFO] ========================================
[2026-07-04T11:56:11.427Z] [SCHEDULE] ⏰ Job will run daily at 12:00 AM IST (Monday, 6 July 2026 at 12:00:00 am)
[2026-07-04T11:56:11.433Z] [SUCCESS] ✅ Daily Task Repeater Job initialized successfully!
[2026-07-04T11:56:14.528Z] [INFO] 📊 CURRENT DAILY TASKS STATUS:
[2026-07-04T11:56:14.529Z] [INFO]    Total Daily Tasks: 1
[2026-07-04T11:56:14.530Z] [INFO]    📋 Task List:
[2026-07-04T11:56:14.530Z] [INFO]    1. "test" - Status: Pending - Priority: Medium
[2026-07-04T11:56:14.531Z] [SCHEDULE]    📅 Next execution: Monday, 6 July 2026 at 12:00:00 am
[2026-07-04T11:56:14.531Z] [SCHEDULE]    ⏳ Time remaining: 30h 33m 45s
[2026-07-04T11:56:16.437Z] [INFO] 🔄 Running initial task check on startup...
[2026-07-04T11:56:16.568Z] [INFO] 📊 CURRENT DAILY TASKS STATUS:
[2026-07-04T11:56:16.568Z] [INFO]    Total Daily Tasks: 1
[2026-07-04T11:56:16.569Z] [INFO]    📋 Task List:
[2026-07-04T11:56:16.570Z] [INFO]    1. "test" - Status: Pending - Priority: Medium
[2026-07-04T11:56:16.571Z] [SCHEDULE]    📅 Next execution: Monday, 6 July 2026 at 12:00:00 am
[2026-07-04T11:56:16.572Z] [SCHEDULE]    ⏳ Time remaining: 30h 33m 43s
[2026-07-04T12:17:09.246Z] [INFO] ========================================
[2026-07-04T12:17:09.248Z] [INFO] 🔄 INITIALIZING DAILY TASK REPEATER JOB
[2026-07-04T12:17:09.248Z] [INFO] ========================================
[2026-07-04T12:17:09.274Z] [SCHEDULE] ⏰ Job will run daily at 12:00 AM IST (Monday, 6 July 2026 at 12:00:00 am)
[2026-07-04T12:17:09.283Z] [SUCCESS] ✅ Daily Task Repeater Job initialized successfully!
[2026-07-04T12:17:12.377Z] [INFO] 📊 CURRENT DAILY TASKS STATUS:
[2026-07-04T12:17:12.378Z] [INFO]    Total Daily Tasks: 1
[2026-07-04T12:17:12.378Z] [INFO]    📋 Task List:
[2026-07-04T12:17:12.379Z] [INFO]    1. "test" - Status: Completed - Priority: Medium
[2026-07-04T12:17:12.380Z] [SCHEDULE]    📅 Next execution: Monday, 6 July 2026 at 12:00:00 am
[2026-07-04T12:17:12.381Z] [SCHEDULE]    ⏳ Time remaining: 30h 12m 47s
[2026-07-04T12:17:14.724Z] [INFO] ========================================
[2026-07-04T12:17:14.726Z] [INFO] 🔄 INITIALIZING DAILY TASK REPEATER JOB
[2026-07-04T12:17:14.727Z] [INFO] ========================================
[2026-07-04T12:17:14.756Z] [SCHEDULE] ⏰ Job will run daily at 12:00 AM IST (Monday, 6 July 2026 at 12:00:00 am)
[2026-07-04T12:17:14.764Z] [SUCCESS] ✅ Daily Task Repeater Job initialized successfully!
[2026-07-04T12:17:17.893Z] [INFO] 📊 CURRENT DAILY TASKS STATUS:
[2026-07-04T12:17:17.894Z] [INFO]    Total Daily Tasks: 1
[2026-07-04T12:17:17.896Z] [INFO]    📋 Task List:
[2026-07-04T12:17:17.897Z] [INFO]    1. "test" - Status: Completed - Priority: Medium
[2026-07-04T12:17:17.899Z] [SCHEDULE]    📅 Next execution: Monday, 6 July 2026 at 12:00:00 am
[2026-07-04T12:17:17.901Z] [SCHEDULE]    ⏳ Time remaining: 30h 12m 42s
[2026-07-04T12:17:19.772Z] [INFO] 🔄 Running initial task check on startup...
[2026-07-04T12:17:19.836Z] [INFO] 📊 CURRENT DAILY TASKS STATUS:
[2026-07-04T12:17:19.836Z] [INFO]    Total Daily Tasks: 1
[2026-07-04T12:17:19.837Z] [INFO]    📋 Task List:
[2026-07-04T12:17:19.837Z] [INFO]    1. "test" - Status: Completed - Priority: Medium
[2026-07-04T12:17:19.838Z] [SCHEDULE]    📅 Next execution: Monday, 6 July 2026 at 12:00:00 am
[2026-07-04T12:17:19.839Z] [SCHEDULE]    ⏳ Time remaining: 30h 12m 40s
[2026-07-04T13:05:19.773Z] [INFO] ========================================
[2026-07-04T13:05:19.776Z] [INFO] 🔄 INITIALIZING DAILY TASK REPEATER JOB
[2026-07-04T13:05:19.777Z] [INFO] ========================================
[2026-07-04T13:05:19.809Z] [SCHEDULE] ⏰ Job will run daily at 12:00 AM IST (Monday, 6 July 2026 at 12:00:00 am)
[2026-07-04T13:05:19.818Z] [SUCCESS] ✅ Daily Task Repeater Job initialized successfully!
[2026-07-04T13:05:22.928Z] [INFO] 📊 CURRENT DAILY TASKS STATUS:
[2026-07-04T13:05:22.930Z] [INFO]    Total Daily Tasks: 1
[2026-07-04T13:05:22.931Z] [INFO]    📋 Task List:
[2026-07-04T13:05:22.932Z] [INFO]    1. "test" - Status: Pending - Priority: Medium
[2026-07-04T13:05:22.934Z] [SCHEDULE]    📅 Next execution: Monday, 6 July 2026 at 12:00:00 am
[2026-07-04T13:05:22.935Z] [SCHEDULE]    ⏳ Time remaining: 29h 24m 37s
[2026-07-04T13:05:24.819Z] [INFO] 🔄 Running initial task check on startup...
[2026-07-04T13:05:24.915Z] [INFO] 📊 CURRENT DAILY TASKS STATUS:
[2026-07-04T13:05:24.917Z] [INFO]    Total Daily Tasks: 1
[2026-07-04T13:05:24.918Z] [INFO]    📋 Task List:
[2026-07-04T13:05:24.920Z] [INFO]    1. "test" - Status: Pending - Priority: Medium
[2026-07-04T13:05:24.922Z] [SCHEDULE]    📅 Next execution: Monday, 6 July 2026 at 12:00:00 am
[2026-07-04T13:05:24.923Z] [SCHEDULE]    ⏳ Time remaining: 29h 24m 35s
[2026-07-04T13:15:22.101Z] [INFO] ========================================
[2026-07-04T13:15:22.103Z] [INFO] 🔄 INITIALIZING DAILY TASK REPEATER JOB
[2026-07-04T13:15:22.104Z] [INFO] ========================================
[2026-07-04T13:15:22.127Z] [SCHEDULE] ⏰ Job will run daily at 12:00 AM IST (Monday, 6 July 2026 at 12:00:00 am)
[2026-07-04T13:15:22.135Z] [SUCCESS] ✅ Daily Task Repeater Job initialized successfully!
[2026-07-04T13:15:27.150Z] [INFO] 🔄 Running initial task check on startup...
[2026-07-04T13:15:29.543Z] [INFO] 📊 CURRENT DAILY TASKS STATUS:
[2026-07-04T13:15:29.544Z] [INFO]    Total Daily Tasks: 1
[2026-07-04T13:15:29.544Z] [INFO]    📋 Task List:
[2026-07-04T13:15:29.545Z] [INFO]    1. "test" - Status: Completed - Priority: Medium
[2026-07-04T13:15:29.546Z] [SCHEDULE]    📅 Next execution: Monday, 6 July 2026 at 12:00:00 am
[2026-07-04T13:15:29.547Z] [SCHEDULE]    ⏳ Time remaining: 29h 14m 30s
[2026-07-04T13:15:29.548Z] [INFO] 📊 CURRENT DAILY TASKS STATUS:
[2026-07-04T13:15:29.549Z] [INFO]    Total Daily Tasks: 1
[2026-07-04T13:15:29.550Z] [INFO]    📋 Task List:
[2026-07-04T13:15:29.551Z] [INFO]    1. "test" - Status: Completed - Priority: Medium
[2026-07-04T13:15:29.552Z] [SCHEDULE]    📅 Next execution: Monday, 6 July 2026 at 12:00:00 am
[2026-07-04T13:15:29.552Z] [SCHEDULE]    ⏳ Time remaining: 29h 14m 30s
[2026-07-04T13:45:04.699Z] [INFO] ========================================
[2026-07-04T13:45:04.822Z] [INFO] 🔄 INITIALIZING DAILY TASK REPEATER JOB
[2026-07-04T13:45:04.827Z] [INFO] ========================================
[2026-07-04T13:45:04.885Z] [SCHEDULE] ⏰ Job will run daily at 12:00 AM IST (Monday, 6 July 2026 at 12:00:00 am)
[2026-07-04T13:45:04.918Z] [SUCCESS] ✅ Daily Task Repeater Job initialized successfully!
[2026-07-04T13:45:07.990Z] [INFO] 📊 CURRENT DAILY TASKS STATUS:
[2026-07-04T13:45:07.990Z] [INFO]    Total Daily Tasks: 2
[2026-07-04T13:45:07.991Z] [INFO]    📋 Task List:
[2026-07-04T13:45:07.991Z] [INFO]    1. "test" - Status: In Progress - Priority: Medium
[2026-07-04T13:45:07.991Z] [INFO]    2. "subtask" - Status: Completed - Priority: Medium
[2026-07-04T13:45:07.992Z] [SCHEDULE]    📅 Next execution: Monday, 6 July 2026 at 12:00:00 am
[2026-07-04T13:45:07.992Z] [SCHEDULE]    ⏳ Time remaining: 28h 44m 52s
[2026-07-06T09:06:15.670Z] [INFO] ========================================
[2026-07-06T09:06:15.671Z] [INFO] 🔄 INITIALIZING DAILY TASK REPEATER JOB
[2026-07-06T09:06:15.672Z] [INFO] ========================================
[2026-07-06T09:06:15.695Z] [SCHEDULE] ⏰ Job will run daily at 12:00 AM IST (Wednesday, 8 July 2026 at 12:00:00 am)
[2026-07-06T09:06:15.703Z] [SUCCESS] ✅ Daily Task Repeater Job initialized successfully!
[2026-07-06T09:06:18.776Z] [INFO] 📊 CURRENT DAILY TASKS STATUS:
[2026-07-06T09:06:18.777Z] [INFO]    Total Daily Tasks: 5
[2026-07-06T09:06:18.777Z] [INFO]    📋 Task List:
[2026-07-06T09:06:18.778Z] [INFO]    1. "Sample Collection" - Status: In Progress - Priority: High
[2026-07-06T09:06:18.778Z] [INFO]    2. "Lab Collection Report" - Status: Pending - Priority: High
[2026-07-06T09:06:18.779Z] [INFO]    3. "Sample Collection" - Status: Pending - Priority: High
[2026-07-06T09:06:18.779Z] [INFO]    4. "Clinic collection Report" - Status: Pending - Priority: High
[2026-07-06T09:06:18.780Z] [INFO]    5. "test" - Status: Completed - Priority: Medium
[2026-07-06T09:06:18.780Z] [SCHEDULE]    📅 Next execution: Wednesday, 8 July 2026 at 12:00:00 am
[2026-07-06T09:06:18.781Z] [SCHEDULE]    ⏳ Time remaining: 33h 23m 41s
[2026-07-06T09:06:20.704Z] [INFO] 🔄 Running initial task check on startup...
[2026-07-06T09:06:20.835Z] [INFO] 📊 CURRENT DAILY TASKS STATUS:
[2026-07-06T09:06:20.836Z] [INFO]    Total Daily Tasks: 5
[2026-07-06T09:06:20.837Z] [INFO]    📋 Task List:
[2026-07-06T09:06:20.838Z] [INFO]    1. "Sample Collection" - Status: In Progress - Priority: High
[2026-07-06T09:06:20.839Z] [INFO]    2. "Lab Collection Report" - Status: Pending - Priority: High
[2026-07-06T09:06:20.840Z] [INFO]    3. "Sample Collection" - Status: Pending - Priority: High
[2026-07-06T09:06:20.841Z] [INFO]    4. "Clinic collection Report" - Status: Pending - Priority: High
[2026-07-06T09:06:20.842Z] [INFO]    5. "test" - Status: Completed - Priority: Medium
[2026-07-06T09:06:20.843Z] [SCHEDULE]    📅 Next execution: Wednesday, 8 July 2026 at 12:00:00 am
[2026-07-06T09:06:20.844Z] [SCHEDULE]    ⏳ Time remaining: 33h 23m 39s
[2026-07-06T09:27:40.754Z] [INFO] ========================================
[2026-07-06T09:27:40.756Z] [INFO] 🔄 INITIALIZING DAILY TASK REPEATER JOB
[2026-07-06T09:27:40.757Z] [INFO] ========================================
[2026-07-06T09:27:40.783Z] [SCHEDULE] ⏰ Job will run daily at 12:00 AM IST (Wednesday, 8 July 2026 at 12:00:00 am)
[2026-07-06T09:27:40.790Z] [SUCCESS] ✅ Daily Task Repeater Job initialized successfully!
[2026-07-06T09:27:43.953Z] [INFO] 📊 CURRENT DAILY TASKS STATUS:
[2026-07-06T09:27:43.953Z] [INFO]    Total Daily Tasks: 5
[2026-07-06T09:27:43.954Z] [INFO]    📋 Task List:
[2026-07-06T09:27:43.954Z] [INFO]    1. "Sample Collection" - Status: In Progress - Priority: High
[2026-07-06T09:27:43.955Z] [INFO]    2. "Lab Collection Report" - Status: Pending - Priority: High
[2026-07-06T09:27:43.955Z] [INFO]    3. "Sample Collection" - Status: Pending - Priority: High
[2026-07-06T09:27:43.955Z] [INFO]    4. "Clinic collection Report" - Status: Pending - Priority: High
[2026-07-06T09:27:43.956Z] [INFO]    5. "todays task" - Status: Completed - Priority: Medium
[2026-07-06T09:27:43.956Z] [SCHEDULE]    📅 Next execution: Wednesday, 8 July 2026 at 12:00:00 am
[2026-07-06T09:27:43.957Z] [SCHEDULE]    ⏳ Time remaining: 33h 2m 16s
[2026-07-06T09:27:45.791Z] [INFO] 🔄 Running initial task check on startup...
[2026-07-06T09:27:45.854Z] [INFO] 📊 CURRENT DAILY TASKS STATUS:
[2026-07-06T09:27:45.855Z] [INFO]    Total Daily Tasks: 5
[2026-07-06T09:27:45.855Z] [INFO]    📋 Task List:
[2026-07-06T09:27:45.856Z] [INFO]    1. "Sample Collection" - Status: In Progress - Priority: High
[2026-07-06T09:27:45.856Z] [INFO]    2. "Lab Collection Report" - Status: Pending - Priority: High
[2026-07-06T09:27:45.857Z] [INFO]    3. "Sample Collection" - Status: Pending - Priority: High
[2026-07-06T09:27:45.858Z] [INFO]    4. "Clinic collection Report" - Status: Pending - Priority: High
[2026-07-06T09:27:45.858Z] [INFO]    5. "todays task" - Status: Completed - Priority: Medium
[2026-07-06T09:27:45.859Z] [SCHEDULE]    📅 Next execution: Wednesday, 8 July 2026 at 12:00:00 am
[2026-07-06T09:27:45.860Z] [SCHEDULE]    ⏳ Time remaining: 33h 2m 14s
[2026-07-06T09:43:13.566Z] [INFO] ========================================
[2026-07-06T09:43:13.568Z] [INFO] 🔄 INITIALIZING DAILY TASK REPEATER JOB
[2026-07-06T09:43:13.568Z] [INFO] ========================================
[2026-07-06T09:43:13.592Z] [SCHEDULE] ⏰ Job will run daily at 12:00 AM IST (Wednesday, 8 July 2026 at 12:00:00 am)
[2026-07-06T09:43:13.599Z] [SUCCESS] ✅ Daily Task Repeater Job initialized successfully!
[2026-07-06T09:43:16.689Z] [INFO] 📊 CURRENT DAILY TASKS STATUS:
[2026-07-06T09:43:16.690Z] [INFO]    Total Daily Tasks: 5
[2026-07-06T09:43:16.690Z] [INFO]    📋 Task List:
[2026-07-06T09:43:16.691Z] [INFO]    1. "Sample Collection" - Status: In Progress - Priority: High
[2026-07-06T09:43:16.691Z] [INFO]    2. "Lab Collection Report" - Status: Pending - Priority: High
[2026-07-06T09:43:16.692Z] [INFO]    3. "Sample Collection" - Status: Pending - Priority: High
[2026-07-06T09:43:16.692Z] [INFO]    4. "Clinic collection Report" - Status: Pending - Priority: High
[2026-07-06T09:43:16.693Z] [INFO]    5. "todays task" - Status: Completed - Priority: Medium
[2026-07-06T09:43:16.693Z] [SCHEDULE]    📅 Next execution: Wednesday, 8 July 2026 at 12:00:00 am
[2026-07-06T09:43:16.694Z] [SCHEDULE]    ⏳ Time remaining: 32h 46m 43s
[2026-07-06T09:43:18.602Z] [INFO] 🔄 Running initial task check on startup...
[2026-07-06T09:43:18.721Z] [INFO] 📊 CURRENT DAILY TASKS STATUS:
[2026-07-06T09:43:18.721Z] [INFO]    Total Daily Tasks: 5
[2026-07-06T09:43:18.723Z] [INFO]    📋 Task List:
[2026-07-06T09:43:18.723Z] [INFO]    1. "Sample Collection" - Status: In Progress - Priority: High
[2026-07-06T09:43:18.724Z] [INFO]    2. "Lab Collection Report" - Status: Pending - Priority: High
[2026-07-06T09:43:18.724Z] [INFO]    3. "Sample Collection" - Status: Pending - Priority: High
[2026-07-06T09:43:18.725Z] [INFO]    4. "Clinic collection Report" - Status: Pending - Priority: High
[2026-07-06T09:43:18.725Z] [INFO]    5. "todays task" - Status: Completed - Priority: Medium
[2026-07-06T09:43:18.726Z] [SCHEDULE]    📅 Next execution: Wednesday, 8 July 2026 at 12:00:00 am
[2026-07-06T09:43:18.728Z] [SCHEDULE]    ⏳ Time remaining: 32h 46m 41s
[2026-07-06T10:00:32.914Z] [INFO] ========================================
[2026-07-06T10:00:32.916Z] [INFO] 🔄 INITIALIZING DAILY TASK REPEATER JOB
[2026-07-06T10:00:32.917Z] [INFO] ========================================
[2026-07-06T10:00:32.945Z] [SCHEDULE] ⏰ Job will run daily at 12:00 AM IST (Wednesday, 8 July 2026 at 12:00:00 am)
[2026-07-06T10:00:32.953Z] [SUCCESS] ✅ Daily Task Repeater Job initialized successfully!
[2026-07-06T10:00:36.024Z] [INFO] 📊 CURRENT DAILY TASKS STATUS:
[2026-07-06T10:00:36.024Z] [INFO]    Total Daily Tasks: 5
[2026-07-06T10:00:36.025Z] [INFO]    📋 Task List:
[2026-07-06T10:00:36.025Z] [INFO]    1. "Sample Collection" - Status: In Progress - Priority: High
[2026-07-06T10:00:36.026Z] [INFO]    2. "Lab Collection Report" - Status: Pending - Priority: High
[2026-07-06T10:00:36.026Z] [INFO]    3. "Sample Collection" - Status: Pending - Priority: High
[2026-07-06T10:00:36.027Z] [INFO]    4. "Clinic collection Report" - Status: Pending - Priority: High
[2026-07-06T10:00:36.028Z] [INFO]    5. "final task" - Status: Pending - Priority: Medium
[2026-07-06T10:00:36.029Z] [SCHEDULE]    📅 Next execution: Wednesday, 8 July 2026 at 12:00:00 am
[2026-07-06T10:00:36.029Z] [SCHEDULE]    ⏳ Time remaining: 32h 29m 23s
[2026-07-06T10:00:37.970Z] [INFO] 🔄 Running initial task check on startup...
[2026-07-06T10:00:38.041Z] [INFO] 📊 CURRENT DAILY TASKS STATUS:
[2026-07-06T10:00:38.042Z] [INFO]    Total Daily Tasks: 5
[2026-07-06T10:00:38.043Z] [INFO]    📋 Task List:
[2026-07-06T10:00:38.044Z] [INFO]    1. "Sample Collection" - Status: In Progress - Priority: High
[2026-07-06T10:00:38.045Z] [INFO]    2. "Lab Collection Report" - Status: Pending - Priority: High
[2026-07-06T10:00:38.045Z] [INFO]    3. "Sample Collection" - Status: Pending - Priority: High
[2026-07-06T10:00:38.046Z] [INFO]    4. "Clinic collection Report" - Status: Pending - Priority: High
[2026-07-06T10:00:38.046Z] [INFO]    5. "final task" - Status: Pending - Priority: Medium
[2026-07-06T10:00:38.047Z] [SCHEDULE]    📅 Next execution: Wednesday, 8 July 2026 at 12:00:00 am
[2026-07-06T10:00:38.047Z] [SCHEDULE]    ⏳ Time remaining: 32h 29m 21s
[2026-07-06T10:13:53.263Z] [INFO] ========================================
[2026-07-06T10:13:53.265Z] [INFO] 🔄 INITIALIZING DAILY TASK REPEATER JOB
[2026-07-06T10:13:53.265Z] [INFO] ========================================
[2026-07-06T10:13:53.288Z] [SCHEDULE] ⏰ Job will run daily at 12:00 AM IST (Wednesday, 8 July 2026 at 12:00:00 am)
[2026-07-06T10:13:53.299Z] [SUCCESS] ✅ Daily Task Repeater Job initialized successfully!
[2026-07-06T10:13:56.377Z] [INFO] 📊 CURRENT DAILY TASKS STATUS:
[2026-07-06T10:13:56.377Z] [INFO]    Total Daily Tasks: 5
[2026-07-06T10:13:56.378Z] [INFO]    📋 Task List:
[2026-07-06T10:13:56.378Z] [INFO]    1. "Sample Collection" - Status: In Progress - Priority: High
[2026-07-06T10:13:56.379Z] [INFO]    2. "Lab Collection Report" - Status: Pending - Priority: High
[2026-07-06T10:13:56.379Z] [INFO]    3. "Sample Collection" - Status: Pending - Priority: High
[2026-07-06T10:13:56.380Z] [INFO]    4. "Clinic collection Report" - Status: Pending - Priority: High
[2026-07-06T10:13:56.380Z] [INFO]    5. "final task" - Status: In Progress - Priority: Medium
[2026-07-06T10:13:56.381Z] [SCHEDULE]    📅 Next execution: Wednesday, 8 July 2026 at 12:00:00 am
[2026-07-06T10:13:56.381Z] [SCHEDULE]    ⏳ Time remaining: 32h 16m 3s
[2026-07-06T10:13:58.314Z] [INFO] 🔄 Running initial task check on startup...
[2026-07-06T10:13:58.393Z] [INFO] 📊 CURRENT DAILY TASKS STATUS:
[2026-07-06T10:13:58.394Z] [INFO]    Total Daily Tasks: 5
[2026-07-06T10:13:58.394Z] [INFO]    📋 Task List:
[2026-07-06T10:13:58.395Z] [INFO]    1. "Sample Collection" - Status: In Progress - Priority: High
[2026-07-06T10:13:58.396Z] [INFO]    2. "Lab Collection Report" - Status: Pending - Priority: High
[2026-07-06T10:13:58.397Z] [INFO]    3. "Sample Collection" - Status: Pending - Priority: High
[2026-07-06T10:13:58.399Z] [INFO]    4. "Clinic collection Report" - Status: Pending - Priority: High
[2026-07-06T10:13:58.400Z] [INFO]    5. "final task" - Status: In Progress - Priority: Medium
[2026-07-06T10:13:58.401Z] [SCHEDULE]    📅 Next execution: Wednesday, 8 July 2026 at 12:00:00 am
[2026-07-06T10:13:58.402Z] [SCHEDULE]    ⏳ Time remaining: 32h 16m 1s
[2026-07-06T10:31:37.406Z] [INFO] ========================================
[2026-07-06T10:31:37.407Z] [INFO] 🔄 INITIALIZING DAILY TASK REPEATER JOB
[2026-07-06T10:31:37.407Z] [INFO] ========================================
[2026-07-06T10:31:37.434Z] [SCHEDULE] ⏰ Job will run daily at 12:00 AM IST (Wednesday, 8 July 2026 at 12:00:00 am)
[2026-07-06T10:31:37.441Z] [SUCCESS] ✅ Daily Task Repeater Job initialized successfully!
[2026-07-06T10:31:40.523Z] [INFO] 📊 CURRENT DAILY TASKS STATUS:
[2026-07-06T10:31:40.523Z] [INFO]    Total Daily Tasks: 5
[2026-07-06T10:31:40.524Z] [INFO]    📋 Task List:
[2026-07-06T10:31:40.524Z] [INFO]    1. "Sample Collection" - Status: In Progress - Priority: High
[2026-07-06T10:31:40.524Z] [INFO]    2. "Lab Collection Report" - Status: Pending - Priority: High
[2026-07-06T10:31:40.525Z] [INFO]    3. "Sample Collection" - Status: Pending - Priority: High
[2026-07-06T10:31:40.525Z] [INFO]    4. "Clinic collection Report" - Status: Pending - Priority: High
[2026-07-06T10:31:40.525Z] [INFO]    5. "my task" - Status: In Progress - Priority: Medium
[2026-07-06T10:31:40.526Z] [SCHEDULE]    📅 Next execution: Wednesday, 8 July 2026 at 12:00:00 am
[2026-07-06T10:31:40.527Z] [SCHEDULE]    ⏳ Time remaining: 31h 58m 19s
[2026-07-06T10:31:42.444Z] [INFO] 🔄 Running initial task check on startup...
[2026-07-06T10:31:42.557Z] [INFO] 📊 CURRENT DAILY TASKS STATUS:
[2026-07-06T10:31:42.558Z] [INFO]    Total Daily Tasks: 5
[2026-07-06T10:31:42.559Z] [INFO]    📋 Task List:
[2026-07-06T10:31:42.561Z] [INFO]    1. "Sample Collection" - Status: In Progress - Priority: High
[2026-07-06T10:31:42.563Z] [INFO]    2. "Lab Collection Report" - Status: Pending - Priority: High
[2026-07-06T10:31:42.564Z] [INFO]    3. "Sample Collection" - Status: Pending - Priority: High
[2026-07-06T10:31:42.567Z] [INFO]    4. "Clinic collection Report" - Status: Pending - Priority: High
[2026-07-06T10:31:42.569Z] [INFO]    5. "my task" - Status: In Progress - Priority: Medium
[2026-07-06T10:31:42.571Z] [SCHEDULE]    📅 Next execution: Wednesday, 8 July 2026 at 12:00:00 am
[2026-07-06T10:31:42.573Z] [SCHEDULE]    ⏳ Time remaining: 31h 58m 17s
[2026-07-06T10:39:15.412Z] [INFO] ========================================
[2026-07-06T10:39:15.413Z] [INFO] 🔄 INITIALIZING DAILY TASK REPEATER JOB
[2026-07-06T10:39:15.414Z] [INFO] ========================================
[2026-07-06T10:39:15.434Z] [SCHEDULE] ⏰ Job will run daily at 12:00 AM IST (Wednesday, 8 July 2026 at 12:00:00 am)
[2026-07-06T10:39:15.441Z] [SUCCESS] ✅ Daily Task Repeater Job initialized successfully!
[2026-07-06T10:39:20.557Z] [INFO] ========================================
[2026-07-06T10:39:20.559Z] [INFO] 🔄 INITIALIZING DAILY TASK REPEATER JOB
[2026-07-06T10:39:20.559Z] [INFO] ========================================
[2026-07-06T10:39:20.579Z] [SCHEDULE] ⏰ Job will run daily at 12:00 AM IST (Wednesday, 8 July 2026 at 12:00:00 am)
[2026-07-06T10:39:20.585Z] [SUCCESS] ✅ Daily Task Repeater Job initialized successfully!
[2026-07-06T10:39:23.673Z] [INFO] 📊 CURRENT DAILY TASKS STATUS:
[2026-07-06T10:39:23.673Z] [INFO]    Total Daily Tasks: 5
[2026-07-06T10:39:23.673Z] [INFO]    📋 Task List:
[2026-07-06T10:39:23.674Z] [INFO]    1. "Sample Collection" - Status: In Progress - Priority: High
[2026-07-06T10:39:23.674Z] [INFO]    2. "Lab Collection Report" - Status: Pending - Priority: High
[2026-07-06T10:39:23.675Z] [INFO]    3. "Sample Collection" - Status: Pending - Priority: High
[2026-07-06T10:39:23.675Z] [INFO]    4. "Clinic collection Report" - Status: Pending - Priority: High
[2026-07-06T10:39:23.675Z] [INFO]    5. "final task" - Status: In Progress - Priority: Medium
[2026-07-06T10:39:23.676Z] [SCHEDULE]    📅 Next execution: Wednesday, 8 July 2026 at 12:00:00 am
[2026-07-06T10:39:23.677Z] [SCHEDULE]    ⏳ Time remaining: 31h 50m 36s
[2026-07-06T10:39:25.597Z] [INFO] 🔄 Running initial task check on startup...
[2026-07-06T10:39:25.662Z] [INFO] 📊 CURRENT DAILY TASKS STATUS:
[2026-07-06T10:39:25.662Z] [INFO]    Total Daily Tasks: 5
[2026-07-06T10:39:25.663Z] [INFO]    📋 Task List:
[2026-07-06T10:39:25.663Z] [INFO]    1. "Sample Collection" - Status: In Progress - Priority: High
[2026-07-06T10:39:25.664Z] [INFO]    2. "Lab Collection Report" - Status: Pending - Priority: High
[2026-07-06T10:39:25.664Z] [INFO]    3. "Sample Collection" - Status: Pending - Priority: High
[2026-07-06T10:39:25.664Z] [INFO]    4. "Clinic collection Report" - Status: Pending - Priority: High
[2026-07-06T10:39:25.665Z] [INFO]    5. "final task" - Status: In Progress - Priority: Medium
[2026-07-06T10:39:25.665Z] [SCHEDULE]    📅 Next execution: Wednesday, 8 July 2026 at 12:00:00 am
[2026-07-06T10:39:25.666Z] [SCHEDULE]    ⏳ Time remaining: 31h 50m 34s
[2026-07-06T10:42:31.239Z] [INFO] ========================================
[2026-07-06T10:42:31.240Z] [INFO] 🔄 INITIALIZING DAILY TASK REPEATER JOB
[2026-07-06T10:42:31.241Z] [INFO] ========================================
[2026-07-06T10:42:31.273Z] [SCHEDULE] ⏰ Job will run daily at 12:00 AM IST (Wednesday, 8 July 2026 at 12:00:00 am)
[2026-07-06T10:42:31.283Z] [SUCCESS] ✅ Daily Task Repeater Job initialized successfully!
[2026-07-06T10:42:34.390Z] [INFO] 📊 CURRENT DAILY TASKS STATUS:
[2026-07-06T10:42:34.391Z] [INFO]    Total Daily Tasks: 5
[2026-07-06T10:42:34.391Z] [INFO]    📋 Task List:
[2026-07-06T10:42:34.392Z] [INFO]    1. "Sample Collection" - Status: In Progress - Priority: High
[2026-07-06T10:42:34.392Z] [INFO]    2. "Lab Collection Report" - Status: Pending - Priority: High
[2026-07-06T10:42:34.393Z] [INFO]    3. "Sample Collection" - Status: Pending - Priority: High
[2026-07-06T10:42:34.393Z] [INFO]    4. "Clinic collection Report" - Status: Pending - Priority: High
[2026-07-06T10:42:34.394Z] [INFO]    5. "new task" - Status: In Progress - Priority: Medium
[2026-07-06T10:42:34.394Z] [SCHEDULE]    📅 Next execution: Wednesday, 8 July 2026 at 12:00:00 am
[2026-07-06T10:42:34.395Z] [SCHEDULE]    ⏳ Time remaining: 31h 47m 25s
[2026-07-06T10:42:36.292Z] [INFO] 🔄 Running initial task check on startup...
[2026-07-06T10:42:36.376Z] [INFO] 📊 CURRENT DAILY TASKS STATUS:
[2026-07-06T10:42:36.378Z] [INFO]    Total Daily Tasks: 5
[2026-07-06T10:42:36.380Z] [INFO]    📋 Task List:
[2026-07-06T10:42:36.381Z] [INFO]    1. "Sample Collection" - Status: In Progress - Priority: High
[2026-07-06T10:42:36.382Z] [INFO]    2. "Lab Collection Report" - Status: Pending - Priority: High
[2026-07-06T10:42:36.383Z] [INFO]    3. "Sample Collection" - Status: Pending - Priority: High
[2026-07-06T10:42:36.384Z] [INFO]    4. "Clinic collection Report" - Status: Pending - Priority: High
[2026-07-06T10:42:36.386Z] [INFO]    5. "new task" - Status: In Progress - Priority: Medium
[2026-07-06T10:42:36.387Z] [SCHEDULE]    📅 Next execution: Wednesday, 8 July 2026 at 12:00:00 am
[2026-07-06T10:42:36.388Z] [SCHEDULE]    ⏳ Time remaining: 31h 47m 23s
[2026-07-06T10:49:54.259Z] [INFO] ========================================
[2026-07-06T10:49:54.261Z] [INFO] 🔄 INITIALIZING DAILY TASK REPEATER JOB
[2026-07-06T10:49:54.261Z] [INFO] ========================================
[2026-07-06T10:49:54.283Z] [SCHEDULE] ⏰ Job will run daily at 12:00 AM IST (Wednesday, 8 July 2026 at 12:00:00 am)
[2026-07-06T10:49:54.292Z] [SUCCESS] ✅ Daily Task Repeater Job initialized successfully!
[2026-07-06T10:49:57.409Z] [INFO] 📊 CURRENT DAILY TASKS STATUS:
[2026-07-06T10:49:57.410Z] [INFO]    Total Daily Tasks: 5
[2026-07-06T10:49:57.411Z] [INFO]    📋 Task List:
[2026-07-06T10:49:57.412Z] [INFO]    1. "Sample Collection" - Status: In Progress - Priority: High
[2026-07-06T10:49:57.413Z] [INFO]    2. "Lab Collection Report" - Status: Pending - Priority: High
[2026-07-06T10:49:57.413Z] [INFO]    3. "Sample Collection" - Status: Pending - Priority: High
[2026-07-06T10:49:57.414Z] [INFO]    4. "Clinic collection Report" - Status: Pending - Priority: High
[2026-07-06T10:49:57.415Z] [INFO]    5. "new task" - Status: In Progress - Priority: Medium
[2026-07-06T10:49:57.416Z] [SCHEDULE]    📅 Next execution: Wednesday, 8 July 2026 at 12:00:00 am
[2026-07-06T10:49:57.417Z] [SCHEDULE]    ⏳ Time remaining: 31h 40m 2s
[2026-07-06T10:49:59.302Z] [INFO] 🔄 Running initial task check on startup...
[2026-07-06T10:49:59.391Z] [INFO] 📊 CURRENT DAILY TASKS STATUS:
[2026-07-06T10:49:59.392Z] [INFO]    Total Daily Tasks: 5
[2026-07-06T10:49:59.392Z] [INFO]    📋 Task List:
[2026-07-06T10:49:59.393Z] [INFO]    1. "Sample Collection" - Status: In Progress - Priority: High
[2026-07-06T10:49:59.394Z] [INFO]    2. "Lab Collection Report" - Status: Pending - Priority: High
[2026-07-06T10:49:59.394Z] [INFO]    3. "Sample Collection" - Status: Pending - Priority: High
[2026-07-06T10:49:59.395Z] [INFO]    4. "Clinic collection Report" - Status: Pending - Priority: High
[2026-07-06T10:49:59.395Z] [INFO]    5. "new task" - Status: In Progress - Priority: Medium
[2026-07-06T10:49:59.396Z] [SCHEDULE]    📅 Next execution: Wednesday, 8 July 2026 at 12:00:00 am
[2026-07-06T10:49:59.396Z] [SCHEDULE]    ⏳ Time remaining: 31h 40m 0s
[2026-07-06T11:13:20.891Z] [INFO] ========================================
[2026-07-06T11:13:20.893Z] [INFO] 🔄 INITIALIZING DAILY TASK REPEATER JOB
[2026-07-06T11:13:20.893Z] [INFO] ========================================
[2026-07-06T11:13:20.915Z] [SCHEDULE] ⏰ Job will run daily at 12:00 AM IST (Wednesday, 8 July 2026 at 12:00:00 am)
[2026-07-06T11:13:20.922Z] [SUCCESS] ✅ Daily Task Repeater Job initialized successfully!
[2026-07-06T11:13:23.990Z] [INFO] 📊 CURRENT DAILY TASKS STATUS:
[2026-07-06T11:13:23.991Z] [INFO]    Total Daily Tasks: 5
[2026-07-06T11:13:23.991Z] [INFO]    📋 Task List:
[2026-07-06T11:13:23.993Z] [INFO]    1. "Sample Collection" - Status: In Progress - Priority: High
[2026-07-06T11:13:23.993Z] [INFO]    2. "Lab Collection Report" - Status: Pending - Priority: High
[2026-07-06T11:13:23.994Z] [INFO]    3. "Sample Collection" - Status: Pending - Priority: High
[2026-07-06T11:13:23.994Z] [INFO]    4. "Clinic collection Report" - Status: Pending - Priority: High
[2026-07-06T11:13:23.994Z] [INFO]    5. "new task" - Status: Completed - Priority: Medium
[2026-07-06T11:13:23.995Z] [SCHEDULE]    📅 Next execution: Wednesday, 8 July 2026 at 12:00:00 am
[2026-07-06T11:13:23.996Z] [SCHEDULE]    ⏳ Time remaining: 31h 16m 36s
[2026-07-06T11:13:25.926Z] [INFO] 🔄 Running initial task check on startup...
[2026-07-06T11:13:25.991Z] [INFO] 📊 CURRENT DAILY TASKS STATUS:
[2026-07-06T11:13:25.992Z] [INFO]    Total Daily Tasks: 5
[2026-07-06T11:13:25.993Z] [INFO]    📋 Task List:
[2026-07-06T11:13:25.993Z] [INFO]    1. "Sample Collection" - Status: In Progress - Priority: High
[2026-07-06T11:13:25.994Z] [INFO]    2. "Lab Collection Report" - Status: Pending - Priority: High
[2026-07-06T11:13:25.995Z] [INFO]    3. "Sample Collection" - Status: Pending - Priority: High
[2026-07-06T11:13:25.995Z] [INFO]    4. "Clinic collection Report" - Status: Pending - Priority: High
[2026-07-06T11:13:25.996Z] [INFO]    5. "new task" - Status: Completed - Priority: Medium
[2026-07-06T11:13:25.996Z] [SCHEDULE]    📅 Next execution: Wednesday, 8 July 2026 at 12:00:00 am
[2026-07-06T11:13:25.997Z] [SCHEDULE]    ⏳ Time remaining: 31h 16m 34s
[2026-07-06T11:14:04.551Z] [INFO] ========================================
[2026-07-06T11:14:04.552Z] [INFO] 🔄 INITIALIZING DAILY TASK REPEATER JOB
[2026-07-06T11:14:04.553Z] [INFO] ========================================
[2026-07-06T11:14:04.575Z] [SCHEDULE] ⏰ Job will run daily at 12:00 AM IST (Wednesday, 8 July 2026 at 12:00:00 am)
[2026-07-06T11:14:04.596Z] [SUCCESS] ✅ Daily Task Repeater Job initialized successfully!
[2026-07-06T11:14:07.702Z] [INFO] 📊 CURRENT DAILY TASKS STATUS:
[2026-07-06T11:14:07.703Z] [INFO]    Total Daily Tasks: 5
[2026-07-06T11:14:07.704Z] [INFO]    📋 Task List:
[2026-07-06T11:14:07.706Z] [INFO]    1. "Sample Collection" - Status: In Progress - Priority: High
[2026-07-06T11:14:07.707Z] [INFO]    2. "Lab Collection Report" - Status: Pending - Priority: High
[2026-07-06T11:14:07.708Z] [INFO]    3. "Sample Collection" - Status: Pending - Priority: High
[2026-07-06T11:14:07.709Z] [INFO]    4. "Clinic collection Report" - Status: Pending - Priority: High
[2026-07-06T11:14:07.710Z] [INFO]    5. "new task" - Status: Completed - Priority: Medium
[2026-07-06T11:14:07.712Z] [SCHEDULE]    📅 Next execution: Wednesday, 8 July 2026 at 12:00:00 am
[2026-07-06T11:14:07.713Z] [SCHEDULE]    ⏳ Time remaining: 31h 15m 52s
[2026-07-06T11:14:09.607Z] [INFO] 🔄 Running initial task check on startup...
[2026-07-06T11:14:09.684Z] [INFO] 📊 CURRENT DAILY TASKS STATUS:
[2026-07-06T11:14:09.684Z] [INFO]    Total Daily Tasks: 5
[2026-07-06T11:14:09.685Z] [INFO]    📋 Task List:
[2026-07-06T11:14:09.685Z] [INFO]    1. "Sample Collection" - Status: In Progress - Priority: High
[2026-07-06T11:14:09.685Z] [INFO]    2. "Lab Collection Report" - Status: Pending - Priority: High
[2026-07-06T11:14:09.686Z] [INFO]    3. "Sample Collection" - Status: Pending - Priority: High
[2026-07-06T11:14:09.687Z] [INFO]    4. "Clinic collection Report" - Status: Pending - Priority: High
[2026-07-06T11:14:09.687Z] [INFO]    5. "new task" - Status: Completed - Priority: Medium
[2026-07-06T11:14:09.688Z] [SCHEDULE]    📅 Next execution: Wednesday, 8 July 2026 at 12:00:00 am
[2026-07-06T11:14:09.688Z] [SCHEDULE]    ⏳ Time remaining: 31h 15m 50s
[2026-07-06T11:14:30.271Z] [INFO] ========================================
[2026-07-06T11:14:30.274Z] [INFO] 🔄 INITIALIZING DAILY TASK REPEATER JOB
[2026-07-06T11:14:30.275Z] [INFO] ========================================
[2026-07-06T11:14:30.302Z] [SCHEDULE] ⏰ Job will run daily at 12:00 AM IST (Wednesday, 8 July 2026 at 12:00:00 am)
[2026-07-06T11:14:30.309Z] [SUCCESS] ✅ Daily Task Repeater Job initialized successfully!
[2026-07-06T11:14:33.450Z] [INFO] 📊 CURRENT DAILY TASKS STATUS:
[2026-07-06T11:14:33.451Z] [INFO]    Total Daily Tasks: 5
[2026-07-06T11:14:33.451Z] [INFO]    📋 Task List:
[2026-07-06T11:14:33.452Z] [INFO]    1. "Sample Collection" - Status: In Progress - Priority: High
[2026-07-06T11:14:33.452Z] [INFO]    2. "Lab Collection Report" - Status: Pending - Priority: High
[2026-07-06T11:14:33.453Z] [INFO]    3. "Sample Collection" - Status: Pending - Priority: High
[2026-07-06T11:14:33.453Z] [INFO]    4. "Clinic collection Report" - Status: Pending - Priority: High
[2026-07-06T11:14:33.454Z] [INFO]    5. "new task" - Status: Completed - Priority: Medium
[2026-07-06T11:14:33.454Z] [SCHEDULE]    📅 Next execution: Wednesday, 8 July 2026 at 12:00:00 am
[2026-07-06T11:14:33.455Z] [SCHEDULE]    ⏳ Time remaining: 31h 15m 26s
[2026-07-06T11:14:35.315Z] [INFO] 🔄 Running initial task check on startup...
[2026-07-06T11:14:35.381Z] [INFO] 📊 CURRENT DAILY TASKS STATUS:
[2026-07-06T11:14:35.382Z] [INFO]    Total Daily Tasks: 5
[2026-07-06T11:14:35.383Z] [INFO]    📋 Task List:
[2026-07-06T11:14:35.384Z] [INFO]    1. "Sample Collection" - Status: In Progress - Priority: High
[2026-07-06T11:14:35.386Z] [INFO]    2. "Lab Collection Report" - Status: Pending - Priority: High
[2026-07-06T11:14:35.387Z] [INFO]    3. "Sample Collection" - Status: Pending - Priority: High
[2026-07-06T11:14:35.388Z] [INFO]    4. "Clinic collection Report" - Status: Pending - Priority: High
[2026-07-06T11:14:35.389Z] [INFO]    5. "new task" - Status: Completed - Priority: Medium
[2026-07-06T11:14:35.390Z] [SCHEDULE]    📅 Next execution: Wednesday, 8 July 2026 at 12:00:00 am
[2026-07-06T11:14:35.390Z] [SCHEDULE]    ⏳ Time remaining: 31h 15m 24s
[2026-07-06T11:40:41.923Z] [INFO] ========================================
[2026-07-06T11:40:41.926Z] [INFO] 🔄 INITIALIZING DAILY TASK REPEATER JOB
[2026-07-06T11:40:41.926Z] [INFO] ========================================
[2026-07-06T11:40:41.956Z] [SCHEDULE] ⏰ Job will run daily at 12:00 AM IST (Wednesday, 8 July 2026 at 12:00:00 am)
[2026-07-06T11:40:41.963Z] [SUCCESS] ✅ Daily Task Repeater Job initialized successfully!
[2026-07-06T11:40:45.106Z] [INFO] 📊 CURRENT DAILY TASKS STATUS:
[2026-07-06T11:40:45.107Z] [INFO]    Total Daily Tasks: 5
[2026-07-06T11:40:45.108Z] [INFO]    📋 Task List:
[2026-07-06T11:40:45.109Z] [INFO]    1. "Sample Collection" - Status: In Progress - Priority: High
[2026-07-06T11:40:45.110Z] [INFO]    2. "Lab Collection Report" - Status: Pending - Priority: High
[2026-07-06T11:40:45.111Z] [INFO]    3. "Sample Collection" - Status: Pending - Priority: High
[2026-07-06T11:40:45.112Z] [INFO]    4. "Clinic collection Report" - Status: Pending - Priority: High
[2026-07-06T11:40:45.113Z] [INFO]    5. "final task" - Status: Completed - Priority: Medium
[2026-07-06T11:40:45.115Z] [SCHEDULE]    📅 Next execution: Wednesday, 8 July 2026 at 12:00:00 am
[2026-07-06T11:40:45.116Z] [SCHEDULE]    ⏳ Time remaining: 30h 49m 14s
[2026-07-06T11:40:46.974Z] [INFO] 🔄 Running initial task check on startup...
[2026-07-06T11:40:47.035Z] [INFO] 📊 CURRENT DAILY TASKS STATUS:
[2026-07-06T11:40:47.037Z] [INFO]    Total Daily Tasks: 5
[2026-07-06T11:40:47.038Z] [INFO]    📋 Task List:
[2026-07-06T11:40:47.040Z] [INFO]    1. "Sample Collection" - Status: In Progress - Priority: High
[2026-07-06T11:40:47.042Z] [INFO]    2. "Lab Collection Report" - Status: Pending - Priority: High
[2026-07-06T11:40:47.044Z] [INFO]    3. "Sample Collection" - Status: Pending - Priority: High
[2026-07-06T11:40:47.045Z] [INFO]    4. "Clinic collection Report" - Status: Pending - Priority: High
[2026-07-06T11:40:47.047Z] [INFO]    5. "final task" - Status: Completed - Priority: Medium
[2026-07-06T11:40:47.048Z] [SCHEDULE]    📅 Next execution: Wednesday, 8 July 2026 at 12:00:00 am
[2026-07-06T11:40:47.049Z] [SCHEDULE]    ⏳ Time remaining: 30h 49m 12s
[2026-07-06T11:48:40.584Z] [INFO] ========================================
[2026-07-06T11:48:40.585Z] [INFO] 🔄 INITIALIZING DAILY TASK REPEATER JOB
[2026-07-06T11:48:40.585Z] [INFO] ========================================
[2026-07-06T11:48:40.609Z] [SCHEDULE] ⏰ Job will run daily at 12:00 AM IST (Wednesday, 8 July 2026 at 12:00:00 am)
[2026-07-06T11:48:40.615Z] [SUCCESS] ✅ Daily Task Repeater Job initialized successfully!
[2026-07-06T11:48:43.699Z] [INFO] 📊 CURRENT DAILY TASKS STATUS:
[2026-07-06T11:48:43.701Z] [INFO]    Total Daily Tasks: 5
[2026-07-06T11:48:43.702Z] [INFO]    📋 Task List:
[2026-07-06T11:48:43.704Z] [INFO]    1. "Sample Collection" - Status: In Progress - Priority: High
[2026-07-06T11:48:43.705Z] [INFO]    2. "Lab Collection Report" - Status: Pending - Priority: High
[2026-07-06T11:48:43.706Z] [INFO]    3. "Sample Collection" - Status: Pending - Priority: High
[2026-07-06T11:48:43.707Z] [INFO]    4. "Clinic collection Report" - Status: Pending - Priority: High
[2026-07-06T11:48:43.709Z] [INFO]    5. "test" - Status: Completed - Priority: Medium
[2026-07-06T11:48:43.710Z] [SCHEDULE]    📅 Next execution: Wednesday, 8 July 2026 at 12:00:00 am
[2026-07-06T11:48:43.711Z] [SCHEDULE]    ⏳ Time remaining: 30h 41m 16s
[2026-07-06T11:48:45.621Z] [INFO] 🔄 Running initial task check on startup...
[2026-07-06T11:48:45.681Z] [INFO] 📊 CURRENT DAILY TASKS STATUS:
[2026-07-06T11:48:45.681Z] [INFO]    Total Daily Tasks: 5
[2026-07-06T11:48:45.681Z] [INFO]    📋 Task List:
[2026-07-06T11:48:45.682Z] [INFO]    1. "Sample Collection" - Status: In Progress - Priority: High
[2026-07-06T11:48:45.682Z] [INFO]    2. "Lab Collection Report" - Status: Pending - Priority: High
[2026-07-06T11:48:45.682Z] [INFO]    3. "Sample Collection" - Status: Pending - Priority: High
[2026-07-06T11:48:45.683Z] [INFO]    4. "Clinic collection Report" - Status: Pending - Priority: High
[2026-07-06T11:48:45.683Z] [INFO]    5. "test" - Status: Completed - Priority: Medium
[2026-07-06T11:48:45.684Z] [SCHEDULE]    📅 Next execution: Wednesday, 8 July 2026 at 12:00:00 am
[2026-07-06T11:48:45.684Z] [SCHEDULE]    ⏳ Time remaining: 30h 41m 14s
[2026-07-06T11:56:34.134Z] [INFO] ========================================
[2026-07-06T11:56:34.135Z] [INFO] 🔄 INITIALIZING DAILY TASK REPEATER JOB
[2026-07-06T11:56:34.135Z] [INFO] ========================================
[2026-07-06T11:56:34.159Z] [SCHEDULE] ⏰ Job will run daily at 12:00 AM IST (Wednesday, 8 July 2026 at 12:00:00 am)
[2026-07-06T11:56:34.167Z] [SUCCESS] ✅ Daily Task Repeater Job initialized successfully!
[2026-07-06T11:56:37.235Z] [INFO] 📊 CURRENT DAILY TASKS STATUS:
[2026-07-06T11:56:37.235Z] [INFO]    Total Daily Tasks: 5
[2026-07-06T11:56:37.236Z] [INFO]    📋 Task List:
[2026-07-06T11:56:37.237Z] [INFO]    1. "Sample Collection" - Status: In Progress - Priority: High
[2026-07-06T11:56:37.237Z] [INFO]    2. "Lab Collection Report" - Status: Pending - Priority: High
[2026-07-06T11:56:37.238Z] [INFO]    3. "Sample Collection" - Status: Pending - Priority: High
[2026-07-06T11:56:37.239Z] [INFO]    4. "Clinic collection Report" - Status: Pending - Priority: High
[2026-07-06T11:56:37.240Z] [INFO]    5. "new task" - Status: Completed - Priority: Medium
[2026-07-06T11:56:37.240Z] [SCHEDULE]    📅 Next execution: Wednesday, 8 July 2026 at 12:00:00 am
[2026-07-06T11:56:37.241Z] [SCHEDULE]    ⏳ Time remaining: 30h 33m 22s
[2026-07-06T11:56:39.181Z] [INFO] 🔄 Running initial task check on startup...
[2026-07-06T11:56:39.251Z] [INFO] 📊 CURRENT DAILY TASKS STATUS:
[2026-07-06T11:56:39.252Z] [INFO]    Total Daily Tasks: 5
[2026-07-06T11:56:39.252Z] [INFO]    📋 Task List:
[2026-07-06T11:56:39.253Z] [INFO]    1. "Sample Collection" - Status: In Progress - Priority: High
[2026-07-06T11:56:39.253Z] [INFO]    2. "Lab Collection Report" - Status: Pending - Priority: High
[2026-07-06T11:56:39.253Z] [INFO]    3. "Sample Collection" - Status: Pending - Priority: High
[2026-07-06T11:56:39.254Z] [INFO]    4. "Clinic collection Report" - Status: Pending - Priority: High
[2026-07-06T11:56:39.254Z] [INFO]    5. "new task" - Status: Completed - Priority: Medium
[2026-07-06T11:56:39.255Z] [SCHEDULE]    📅 Next execution: Wednesday, 8 July 2026 at 12:00:00 am
[2026-07-06T11:56:39.256Z] [SCHEDULE]    ⏳ Time remaining: 30h 33m 20s
[2026-07-06T12:07:02.283Z] [INFO] ========================================
[2026-07-06T12:07:02.285Z] [INFO] 🔄 INITIALIZING DAILY TASK REPEATER JOB
[2026-07-06T12:07:02.285Z] [INFO] ========================================
[2026-07-06T12:07:02.314Z] [SCHEDULE] ⏰ Job will run daily at 12:00 AM IST (Wednesday, 8 July 2026 at 12:00:00 am)
[2026-07-06T12:07:02.323Z] [SUCCESS] ✅ Daily Task Repeater Job initialized successfully!
[2026-07-06T12:07:05.429Z] [INFO] 📊 CURRENT DAILY TASKS STATUS:
[2026-07-06T12:07:05.429Z] [INFO]    Total Daily Tasks: 5
[2026-07-06T12:07:05.430Z] [INFO]    📋 Task List:
[2026-07-06T12:07:05.431Z] [INFO]    1. "Sample Collection" - Status: In Progress - Priority: High
[2026-07-06T12:07:05.432Z] [INFO]    2. "Lab Collection Report" - Status: Pending - Priority: High
[2026-07-06T12:07:05.433Z] [INFO]    3. "Sample Collection" - Status: Pending - Priority: High
[2026-07-06T12:07:05.434Z] [INFO]    4. "Clinic collection Report" - Status: Pending - Priority: High
[2026-07-06T12:07:05.434Z] [INFO]    5. "my task" - Status: Completed - Priority: Medium
[2026-07-06T12:07:05.436Z] [SCHEDULE]    📅 Next execution: Wednesday, 8 July 2026 at 12:00:00 am
[2026-07-06T12:07:05.436Z] [SCHEDULE]    ⏳ Time remaining: 30h 22m 54s
[2026-07-06T12:07:07.333Z] [INFO] 🔄 Running initial task check on startup...
[2026-07-06T12:07:07.405Z] [INFO] 📊 CURRENT DAILY TASKS STATUS:
[2026-07-06T12:07:07.406Z] [INFO]    Total Daily Tasks: 5
[2026-07-06T12:07:07.407Z] [INFO]    📋 Task List:
[2026-07-06T12:07:07.409Z] [INFO]    1. "Sample Collection" - Status: In Progress - Priority: High
[2026-07-06T12:07:07.410Z] [INFO]    2. "Lab Collection Report" - Status: Pending - Priority: High
[2026-07-06T12:07:07.411Z] [INFO]    3. "Sample Collection" - Status: Pending - Priority: High
[2026-07-06T12:07:07.411Z] [INFO]    4. "Clinic collection Report" - Status: Pending - Priority: High
[2026-07-06T12:07:07.413Z] [INFO]    5. "my task" - Status: Completed - Priority: Medium
[2026-07-06T12:07:07.414Z] [SCHEDULE]    📅 Next execution: Wednesday, 8 July 2026 at 12:00:00 am
[2026-07-06T12:07:07.415Z] [SCHEDULE]    ⏳ Time remaining: 30h 22m 52s
[2026-07-06T12:07:20.547Z] [INFO] ========================================
[2026-07-06T12:07:20.549Z] [INFO] 🔄 INITIALIZING DAILY TASK REPEATER JOB
[2026-07-06T12:07:20.550Z] [INFO] ========================================
[2026-07-06T12:07:20.585Z] [SCHEDULE] ⏰ Job will run daily at 12:00 AM IST (Wednesday, 8 July 2026 at 12:00:00 am)
[2026-07-06T12:07:20.592Z] [SUCCESS] ✅ Daily Task Repeater Job initialized successfully!
[2026-07-06T12:07:23.686Z] [INFO] 📊 CURRENT DAILY TASKS STATUS:
[2026-07-06T12:07:23.687Z] [INFO]    Total Daily Tasks: 5
[2026-07-06T12:07:23.688Z] [INFO]    📋 Task List:
[2026-07-06T12:07:23.689Z] [INFO]    1. "Sample Collection" - Status: In Progress - Priority: High
[2026-07-06T12:07:23.689Z] [INFO]    2. "Lab Collection Report" - Status: Pending - Priority: High
[2026-07-06T12:07:23.690Z] [INFO]    3. "Sample Collection" - Status: Pending - Priority: High
[2026-07-06T12:07:23.690Z] [INFO]    4. "Clinic collection Report" - Status: Pending - Priority: High
[2026-07-06T12:07:23.691Z] [INFO]    5. "my task" - Status: Completed - Priority: Medium
[2026-07-06T12:07:23.691Z] [SCHEDULE]    📅 Next execution: Wednesday, 8 July 2026 at 12:00:00 am
[2026-07-06T12:07:23.692Z] [SCHEDULE]    ⏳ Time remaining: 30h 22m 36s
[2026-07-06T12:07:25.593Z] [INFO] 🔄 Running initial task check on startup...
[2026-07-06T12:07:25.696Z] [INFO] 📊 CURRENT DAILY TASKS STATUS:
[2026-07-06T12:07:25.696Z] [INFO]    Total Daily Tasks: 5
[2026-07-06T12:07:25.697Z] [INFO]    📋 Task List:
[2026-07-06T12:07:25.697Z] [INFO]    1. "Sample Collection" - Status: In Progress - Priority: High
[2026-07-06T12:07:25.697Z] [INFO]    2. "Lab Collection Report" - Status: Pending - Priority: High
[2026-07-06T12:07:25.698Z] [INFO]    3. "Sample Collection" - Status: Pending - Priority: High
[2026-07-06T12:07:25.698Z] [INFO]    4. "Clinic collection Report" - Status: Pending - Priority: High
[2026-07-06T12:07:25.699Z] [INFO]    5. "my task" - Status: Completed - Priority: Medium
[2026-07-06T12:07:25.699Z] [SCHEDULE]    📅 Next execution: Wednesday, 8 July 2026 at 12:00:00 am
[2026-07-06T12:07:25.700Z] [SCHEDULE]    ⏳ Time remaining: 30h 22m 34s
[2026-07-06T12:17:12.074Z] [INFO] ========================================
[2026-07-06T12:17:12.076Z] [INFO] 🔄 INITIALIZING DAILY TASK REPEATER JOB
[2026-07-06T12:17:12.077Z] [INFO] ========================================
[2026-07-06T12:17:12.105Z] [SCHEDULE] ⏰ Job will run daily at 12:00 AM IST (Wednesday, 8 July 2026 at 12:00:00 am)
[2026-07-06T12:17:12.113Z] [SUCCESS] ✅ Daily Task Repeater Job initialized successfully!
[2026-07-06T12:17:15.218Z] [INFO] 📊 CURRENT DAILY TASKS STATUS:
[2026-07-06T12:17:15.219Z] [INFO]    Total Daily Tasks: 5
[2026-07-06T12:17:15.220Z] [INFO]    📋 Task List:
[2026-07-06T12:17:15.220Z] [INFO]    1. "Sample Collection" - Status: In Progress - Priority: High
[2026-07-06T12:17:15.221Z] [INFO]    2. "Lab Collection Report" - Status: Pending - Priority: High
[2026-07-06T12:17:15.221Z] [INFO]    3. "Sample Collection" - Status: Pending - Priority: High
[2026-07-06T12:17:15.222Z] [INFO]    4. "Clinic collection Report" - Status: Pending - Priority: High
[2026-07-06T12:17:15.222Z] [INFO]    5. "new task" - Status: Completed - Priority: Medium
[2026-07-06T12:17:15.223Z] [SCHEDULE]    📅 Next execution: Wednesday, 8 July 2026 at 12:00:00 am
[2026-07-06T12:17:15.224Z] [SCHEDULE]    ⏳ Time remaining: 30h 12m 44s
[2026-07-06T12:17:17.119Z] [INFO] 🔄 Running initial task check on startup...
[2026-07-06T12:17:17.194Z] [INFO] 📊 CURRENT DAILY TASKS STATUS:
[2026-07-06T12:17:17.194Z] [INFO]    Total Daily Tasks: 5
[2026-07-06T12:17:17.194Z] [INFO]    📋 Task List:
[2026-07-06T12:17:17.195Z] [INFO]    1. "Sample Collection" - Status: In Progress - Priority: High
[2026-07-06T12:17:17.195Z] [INFO]    2. "Lab Collection Report" - Status: Pending - Priority: High
[2026-07-06T12:17:17.196Z] [INFO]    3. "Sample Collection" - Status: Pending - Priority: High
[2026-07-06T12:17:17.196Z] [INFO]    4. "Clinic collection Report" - Status: Pending - Priority: High
[2026-07-06T12:17:17.196Z] [INFO]    5. "new task" - Status: Completed - Priority: Medium
[2026-07-06T12:17:17.197Z] [SCHEDULE]    📅 Next execution: Wednesday, 8 July 2026 at 12:00:00 am
[2026-07-06T12:17:17.197Z] [SCHEDULE]    ⏳ Time remaining: 30h 12m 42s
[2026-07-06T13:00:10.085Z] [INFO] ========================================
[2026-07-06T13:00:10.086Z] [INFO] 🔄 INITIALIZING DAILY TASK REPEATER JOB
[2026-07-06T13:00:10.086Z] [INFO] ========================================
[2026-07-06T13:00:10.109Z] [SCHEDULE] ⏰ Job will run daily at 12:00 AM IST (Wednesday, 8 July 2026 at 12:00:00 am)
[2026-07-06T13:00:10.116Z] [SUCCESS] ✅ Daily Task Repeater Job initialized successfully!
[2026-07-06T13:00:13.299Z] [INFO] 📊 CURRENT DAILY TASKS STATUS:
[2026-07-06T13:00:13.300Z] [INFO]    Total Daily Tasks: 6
[2026-07-06T13:00:13.300Z] [INFO]    📋 Task List:
[2026-07-06T13:00:13.301Z] [INFO]    1. "Sample Collection" - Status: In Progress - Priority: High
[2026-07-06T13:00:13.301Z] [INFO]    2. "Lab Collection Report" - Status: Pending - Priority: High
[2026-07-06T13:00:13.302Z] [INFO]    3. "Sample Collection" - Status: Pending - Priority: High
[2026-07-06T13:00:13.302Z] [INFO]    4. "Clinic collection Report" - Status: Pending - Priority: High
[2026-07-06T13:00:13.302Z] [INFO]    5. "new task" - Status: Completed - Priority: Medium
[2026-07-06T13:00:13.303Z] [INFO]    6. "test" - Status: Pending - Priority: Medium
[2026-07-06T13:00:13.303Z] [SCHEDULE]    📅 Next execution: Wednesday, 8 July 2026 at 12:00:00 am
[2026-07-06T13:00:13.304Z] [SCHEDULE]    ⏳ Time remaining: 29h 29m 46s
[2026-07-06T13:00:15.124Z] [INFO] 🔄 Running initial task check on startup...
[2026-07-06T13:00:15.189Z] [INFO] 📊 CURRENT DAILY TASKS STATUS:
[2026-07-06T13:00:15.189Z] [INFO]    Total Daily Tasks: 6
[2026-07-06T13:00:15.190Z] [INFO]    📋 Task List:
[2026-07-06T13:00:15.190Z] [INFO]    1. "Sample Collection" - Status: In Progress - Priority: High
[2026-07-06T13:00:15.191Z] [INFO]    2. "Lab Collection Report" - Status: Pending - Priority: High
[2026-07-06T13:00:15.192Z] [INFO]    3. "Sample Collection" - Status: Pending - Priority: High
[2026-07-06T13:00:15.193Z] [INFO]    4. "Clinic collection Report" - Status: Pending - Priority: High
[2026-07-06T13:00:15.193Z] [INFO]    5. "new task" - Status: Completed - Priority: Medium
[2026-07-06T13:00:15.194Z] [INFO]    6. "test" - Status: Pending - Priority: Medium
[2026-07-06T13:00:15.195Z] [SCHEDULE]    📅 Next execution: Wednesday, 8 July 2026 at 12:00:00 am
[2026-07-06T13:00:15.196Z] [SCHEDULE]    ⏳ Time remaining: 29h 29m 44s
[2026-07-06T13:49:31.278Z] [INFO] ========================================
[2026-07-06T13:49:31.279Z] [INFO] 🔄 INITIALIZING DAILY TASK REPEATER JOB
[2026-07-06T13:49:31.279Z] [INFO] ========================================
[2026-07-06T13:49:31.306Z] [SCHEDULE] ⏰ Job will run daily at 12:00 AM IST (Wednesday, 8 July 2026 at 12:00:00 am)
[2026-07-06T13:49:31.313Z] [SUCCESS] ✅ Daily Task Repeater Job initialized successfully!
[2026-07-06T13:49:34.382Z] [INFO] 📊 CURRENT DAILY TASKS STATUS:
[2026-07-06T13:49:34.382Z] [INFO]    Total Daily Tasks: 6
[2026-07-06T13:49:34.383Z] [INFO]    📋 Task List:
[2026-07-06T13:49:34.383Z] [INFO]    1. "Sample Collection" - Status: In Progress - Priority: High
[2026-07-06T13:49:34.384Z] [INFO]    2. "Lab Collection Report" - Status: Pending - Priority: High
[2026-07-06T13:49:34.384Z] [INFO]    3. "Sample Collection" - Status: Pending - Priority: High
[2026-07-06T13:49:34.384Z] [INFO]    4. "Clinic collection Report" - Status: Pending - Priority: High
[2026-07-06T13:49:34.384Z] [INFO]    5. "new task" - Status: Completed - Priority: Medium
[2026-07-06T13:49:34.385Z] [INFO]    6. "test" - Status: Completed - Priority: Medium
[2026-07-06T13:49:34.385Z] [SCHEDULE]    📅 Next execution: Wednesday, 8 July 2026 at 12:00:00 am
[2026-07-06T13:49:34.386Z] [SCHEDULE]    ⏳ Time remaining: 28h 40m 25s
[2026-07-07T06:00:27.575Z] [INFO] ========================================
[2026-07-07T06:00:27.581Z] [INFO] 🔄 INITIALIZING DAILY TASK REPEATER JOB
[2026-07-07T06:00:27.581Z] [INFO] ========================================
[2026-07-07T06:00:27.851Z] [SCHEDULE] ⏰ Job will run daily at 12:00 AM IST (Thursday, 9 July 2026 at 12:00:00 am)
[2026-07-07T06:00:27.875Z] [SUCCESS] ✅ Daily Task Repeater Job initialized successfully!
[2026-07-07T06:00:30.925Z] [INFO] 📊 CURRENT DAILY TASKS STATUS:
[2026-07-07T06:00:30.926Z] [INFO]    Total Daily Tasks: 11
[2026-07-07T06:00:30.926Z] [INFO]    📋 Task List:
[2026-07-07T06:00:30.927Z] [INFO]    1. "Sample Collection" - Status: In Progress - Priority: High
[2026-07-07T06:00:30.927Z] [INFO]    2. "Lab Collection Report" - Status: Pending - Priority: High
[2026-07-07T06:00:30.928Z] [INFO]    3. "Sample Collection" - Status: Pending - Priority: High
[2026-07-07T06:00:30.928Z] [INFO]    4. "Clinic collection Report" - Status: Pending - Priority: High
[2026-07-07T06:00:30.928Z] [INFO]    5. "new task" - Status: Completed - Priority: Medium
[2026-07-07T06:00:30.929Z] [INFO]    6. "test" - Status: Completed - Priority: Medium
[2026-07-07T06:00:30.929Z] [INFO]    7. "Lab Collection Report" - Status: Pending - Priority: High
[2026-07-07T06:00:30.930Z] [INFO]    8. "Sample Collection" - Status: Pending - Priority: High
[2026-07-07T06:00:30.930Z] [INFO]    9. "Clinic collection Report" - Status: Pending - Priority: High
[2026-07-07T06:00:30.931Z] [INFO]    10. "new task" - Status: Pending - Priority: Medium
[2026-07-07T06:00:30.931Z] [INFO]    11. "test" - Status: Pending - Priority: Medium
[2026-07-07T06:00:30.932Z] [SCHEDULE]    📅 Next execution: Thursday, 9 July 2026 at 12:00:00 am
[2026-07-07T06:00:30.933Z] [SCHEDULE]    ⏳ Time remaining: 36h 29m 29s
[2026-07-07T06:00:32.885Z] [INFO] 🔄 Running initial task check on startup...
[2026-07-07T06:00:32.967Z] [INFO] 📊 CURRENT DAILY TASKS STATUS:
[2026-07-07T06:00:32.968Z] [INFO]    Total Daily Tasks: 11
[2026-07-07T06:00:32.969Z] [INFO]    📋 Task List:
[2026-07-07T06:00:32.970Z] [INFO]    1. "Sample Collection" - Status: In Progress - Priority: High
[2026-07-07T06:00:32.971Z] [INFO]    2. "Lab Collection Report" - Status: Pending - Priority: High
[2026-07-07T06:00:32.972Z] [INFO]    3. "Sample Collection" - Status: Pending - Priority: High
[2026-07-07T06:00:32.973Z] [INFO]    4. "Clinic collection Report" - Status: Pending - Priority: High
[2026-07-07T06:00:32.974Z] [INFO]    5. "new task" - Status: Completed - Priority: Medium
[2026-07-07T06:00:32.974Z] [INFO]    6. "test" - Status: Completed - Priority: Medium
[2026-07-07T06:00:32.975Z] [INFO]    7. "Lab Collection Report" - Status: Pending - Priority: High
[2026-07-07T06:00:32.976Z] [INFO]    8. "Sample Collection" - Status: Pending - Priority: High
[2026-07-07T06:00:32.977Z] [INFO]    9. "Clinic collection Report" - Status: Pending - Priority: High
[2026-07-07T06:00:32.977Z] [INFO]    10. "new task" - Status: Pending - Priority: Medium
[2026-07-07T06:00:32.978Z] [INFO]    11. "test" - Status: Pending - Priority: Medium
[2026-07-07T06:00:32.979Z] [SCHEDULE]    📅 Next execution: Thursday, 9 July 2026 at 12:00:00 am
[2026-07-07T06:00:32.979Z] [SCHEDULE]    ⏳ Time remaining: 36h 29m 27s
